main.c:90:5:main	8	static
main.c:180:6:SystemClock_Config	72	static
main.c:216:13:MX_TIM2_Init	32	static
main.c:261:13:MX_GPIO_Init	32	static
main.c:310:6:HAL_TIM_PeriodElapsedCallback	16	static
main.c:315:6:display7SEG	16	static
main.c:411:6:update7SEG	16	static
main.c:449:6:updateClockBuffer	4	static
main.c:456:6:updateLEDMatrix	16	static
main.c:507:6:disableAllColumns	8	static
main.c:519:6:setRowData	16	static
main.c:531:6:enableColumn	16	static
main.c:567:6:Error_Handler	4	static,ignoring_inline_asm
